
> info-study-app@0.0.0 test
> vitest --run


[1m[46m RUN [49m[22m [36mv4.0.17 [39m[90mC:/Users/haruy/OneDrive/繝・せ繧ｯ繝医ャ繝・Study-Master[39m

 [32m笨・[39m src/utils/srs.test.ts [2m([22m[2m7 tests[22m[2m)[22m[32m 9[2mms[22m[39m
 [32m笨・[39m src/utils/helpers.test.js [2m([22m[2m3 tests[22m[2m)[22m[32m 3[2mms[22m[39m
 [32m笨・[39m src/utils/helpers.test.ts [2m([22m[2m11 tests[22m[2m)[22m[32m 6[2mms[22m[39m
 [32m笨・[39m src/utils/gamification.test.js [2m([22m[2m2 tests[22m[2m)[22m[32m 4[2mms[22m[39m
 [32m笨・[39m src/utils/achievementSystem.test.ts [2m([22m[2m7 tests[22m[2m)[22m[32m 7[2mms[22m[39m
 [31m笶ｯ[39m src/utils/errorMessages.test.js [2m([22m[2m6 tests[22m[2m | [22m[31m4 failed[39m[2m)[22m[32m 15[2mms[22m[39m
       [32m笨・[39m should return success message for quiz creation[32m 2[2mms[22m[39m
[31m       [31mﾃ・[31m should return success message for folder creation[39m[32m 7[2mms[22m[39m
[31m       [31mﾃ・[31m should return confirmation message for quiz deletion[39m[32m 2[2mms[22m[39m
       [32m笨・[39m should return confirmation message for folder deletion[32m 0[2mms[22m[39m
[31m       [31mﾃ・[31m should return error message for invalid file[39m[32m 1[2mms[22m[39m
[31m       [31mﾃ・[31m should return error message for network error[39m[32m 1[2mms[22m[39m
 [31m笶ｯ[39m src/hooks/useTheme.test.js [2m([22m[2m6 tests[22m[2m | [22m[31m5 failed[39m[2m)[22m[32m 40[2mms[22m[39m
[31m     [31mﾃ・[31m should initialize with system theme by default[39m[32m 27[2mms[22m[39m
     [32m笨・[39m should initialize with stored theme from localStorage[32m 2[2mms[22m[39m
[31m     [31mﾃ・[31m should update theme when setTheme is called[39m[32m 3[2mms[22m[39m
[31m     [31mﾃ・[31m should add dark class when dark theme is set[39m[32m 3[2mms[22m[39m
[31m     [31mﾃ・[31m should remove dark class when light theme is set[39m[32m 2[2mms[22m[39m
[31m     [31mﾃ・[31m should persist theme to localStorage[39m[32m 2[2mms[22m[39m
 [31m笶ｯ[39m src/hooks/useGameLogic.test.js [2m([22m[2m5 tests[22m[2m | [22m[31m3 failed[39m[2m)[22m[32m 31[2mms[22m[39m
     [32m笨・[39m handleCreateQuiz navigates to create page[32m 16[2mms[22m[39m
[31m     [31mﾃ・[31m finishQuiz calculates score and updates stats (Perfect Score)[39m[32m 7[2mms[22m[39m
[31m     [31mﾃ・[31m finishQuiz adds wrong answers to history[39m[32m 2[2mms[22m[39m
[31m     [31mﾃ・[31m handleDeleteQuiz requests confirmation and deletes[39m[32m 2[2mms[22m[39m
     [32m笨・[39m handleDeleteQuiz does nothing if not confirmed[32m 2[2mms[22m[39m
 [31m笶ｯ[39m src/components/layout/SettingsView.test.tsx [2m([22m[2m5 tests[22m[2m | [22m[31m5 failed[39m[2m)[22m[32m 21[2mms[22m[39m
[31m     [31mﾃ・[31m renders settings sections[39m[32m 15[2mms[22m[39m
[31m     [31mﾃ・[31m displays user info when logged in[39m[32m 1[2mms[22m[39m
[31m     [31mﾃ・[31m calls onBack when back button is clicked[39m[32m 1[2mms[22m[39m
[31m     [31mﾃ・[31m calls changeTheme when theme buttons are clicked[39m[32m 1[2mms[22m[39m
[31m     [31mﾃ・[31m calls exportToFile when backup button is clicked[39m[32m 1[2mms[22m[39m
 [32m笨・[39m src/components/common/Toast.test.tsx [2m([22m[2m7 tests[22m[2m)[22m[32m 145[2mms[22m[39m
node.exe : 
発生場所 行:1 文字:1
+ & "C:\Program Files\no
dejs/node.exe" "C:\Progr
am Files\nodejs/node_mo 
...
+ ~~~~~~~~~~~~~~~~~~~~~~
~~~~~~~~~~~~~~~~~~~~~~~~
~~~~~~~~~~~~~~~~~~~~~~~
    + CategoryInfo      
        : NotSpeci    fi
ed: (:String) [    ], Re
moteExceptio    n
    + FullyQualifiedE   
 rrorId : NativeCo    mm
andError
 
[31m竡ｯ竡ｯ竡ｯ竡ｯ竡ｯ竡ｯ[39m[
1m[41m Failed Tests 17 
[49m[22m[31m竡ｯ竡ｯ竡ｯ竡ｯ竡
ｯ竡ｯ竡ｯ[39m

[41m[1m FAIL [22m[49
m src/hooks/useGameLogic
.test.js[2m > [22museG
ameLogic[2m > [22mfini
shQuiz calculates score 
and updates stats (Perfe
ct Score)
[31m[1mTypeError[22m:
 saveData is not a funct
ion[39m
[36m [2m笶ｯ[22m Object
.finishQuiz src/hooks/us
eGameLogic.ts:[2m335:9
[22m[39m
    [90m333| [39m    
[90m// Save all updates
[39m
    [90m334| [39m    
[35mif[39m ([33mObject
[39m[33m.[39m[34mkey
s[39m(updates)[33m.[3
9mlength [33m>[39m [3
4m0[39m) {
    [90m335| [39m     
   [34msaveData[39m(up
dates)[33m;[39m
    [90m   | [39m     
   [31m^[39m
    [90m336| [39m    }
    [90m337| [39m
[90m [2m笶ｯ[22m src/ho
oks/useGameLogic.test.js
:[2m80:22[22m[39m
[90m [2m笶ｯ[22m node_m
odules/@testing-library/
react/dist/act-compat.js
:[2m47:24[22m[39m
[90m [2m笶ｯ[22m proces
s.env.NODE_ENV.exports.a
ct node_modules/react/cj
s/react.development.js:
[2m814:22[22m[39m
[90m [2m笶ｯ[22m Proxy.
<anonymous> node_modules
/@testing-library/react/
dist/act-compat.js:[2m4
6:25[22m[39m
[90m [2m笶ｯ[22m src/ho
oks/useGameLogic.test.js
:[2m79:5[22m[39m

[31m[2m竡ｯ竡ｯ竡ｯ竡ｯ竡ｯ竡ｯ竡ｯ竡
ｯ竡ｯ竡ｯ竡ｯ竡ｯ竡ｯ竡ｯ竡ｯ竡ｯ竡ｯ竡ｯ竡ｯ竡
ｯ竡ｯ竡ｯ竡ｯ[1/17]竡ｯ[22m[39
m

[41m[1m FAIL [22m[49
m src/hooks/useGameLogic
.test.js[2m > [22museG
ameLogic[2m > [22mfini
shQuiz adds wrong answer
s to history
[31m[1mTypeError[22m:
 saveData is not a funct
ion[39m
[36m [2m笶ｯ[22m Object
.finishQuiz src/hooks/us
eGameLogic.ts:[2m335:9
[22m[39m
    [90m333| [39m    
[90m// Save all updates
[39m
    [90m334| [39m    
[35mif[39m ([33mObject
[39m[33m.[39m[34mkey
s[39m(updates)[33m.[3
9mlength [33m>[39m [3
4m0[39m) {
    [90m335| [39m     
   [34msaveData[39m(up
dates)[33m;[39m
    [90m   | [39m     
   [31m^[39m
    [90m336| [39m    }
    [90m337| [39m
[90m [2m笶ｯ[22m src/ho
oks/useGameLogic.test.js
:[2m117:22[22m[39m
[90m [2m笶ｯ[22m node_m
odules/@testing-library/
react/dist/act-compat.js
:[2m47:24[22m[39m
[90m [2m笶ｯ[22m proces
s.env.NODE_ENV.exports.a
ct node_modules/react/cj
s/react.development.js:
[2m814:22[22m[39m
[90m [2m笶ｯ[22m Proxy.
<anonymous> node_modules
/@testing-library/react/
dist/act-compat.js:[2m4
6:25[22m[39m
[90m [2m笶ｯ[22m src/ho
oks/useGameLogic.test.js
:[2m116:5[22m[39m

[31m[2m竡ｯ竡ｯ竡ｯ竡ｯ竡ｯ竡ｯ竡ｯ竡
ｯ竡ｯ竡ｯ竡ｯ竡ｯ竡ｯ竡ｯ竡ｯ竡ｯ竡ｯ竡ｯ竡ｯ竡
ｯ竡ｯ竡ｯ竡ｯ[2/17]竡ｯ[22m[39
m

[41m[1m FAIL [22m[49
m src/hooks/useGameLogic
.test.js[2m > [22museG
ameLogic[2m > [22mhand
leDeleteQuiz requests co
nfirmation and deletes
[31m[1mTypeError[22m:
 saveData is not a funct
ion[39m
[36m [2m笶ｯ[22m Object
.handleDeleteQuiz src/ho
oks/useGameLogic.ts:[2m
78:5[22m[39m
    [90m 76| [39m    n
ewCourses[courseIndex].q
uizzes = newCourses[cour
seIndex].quizzes.窶ｦ
    [90m 77| [39m    
    [90m 78| [39m    
[34msaveData[39m({ cour
ses[33m:[39m newCourse
s })[33m;[39m
    [90m   | [39m    
[31m^[39m
    [90m 79| [39m  }[
33m;[39m
    [90m 80| [39m
[90m [2m笶ｯ[22m src/ho
oks/useGameLogic.test.js
:[2m128:7[22m[39m

[31m[2m竡ｯ竡ｯ竡ｯ竡ｯ竡ｯ竡ｯ竡ｯ竡
ｯ竡ｯ竡ｯ竡ｯ竡ｯ竡ｯ竡ｯ竡ｯ竡ｯ竡ｯ竡ｯ竡ｯ竡
ｯ竡ｯ竡ｯ竡ｯ[3/17]竡ｯ[22m[39
m

[41m[1m FAIL [22m[49
m src/hooks/useTheme.tes
t.js[2m > [22museTheme
[2m > [22mshould initi
alize with system theme 
by default
[41m[1m FAIL [22m[49
m src/hooks/useTheme.tes
t.js[2m > [22museTheme
[2m > [22mshould updat
e theme when setTheme is
 called
[41m[1m FAIL [22m[49
m src/hooks/useTheme.tes
t.js[2m > [22museTheme
[2m > [22mshould add d
ark class when dark them
e is set
[41m[1m FAIL [22m[49
m src/hooks/useTheme.tes
t.js[2m > [22museTheme
[2m > [22mshould remov
e dark class when light 
theme is set
[41m[1m FAIL [22m[49
m src/hooks/useTheme.tes
t.js[2m > [22museTheme
[2m > [22mshould persi
st theme to localStorage
[31m[1mTypeError[22m:
 window.matchMedia is no
t a function[39m
[36m [2m笶ｯ[22m src/ho
oks/useTheme.ts:[2m29:1
8[22m[39m
    [90m 27| [39m    }
 [35melse[39m {
    [90m 28| [39m     
 [90m// system險ｭ螳壹・蝣ｴ蜷医
・OS縺ｮ險ｭ螳壹↓蠕薙≧[39m
    [90m 29| [39m     
 [35mif[39m (window[3
3m.[39m[34mmatchMedia
[39m([32m'(prefers-colo
r-scheme: dark)'[39m)[
33m.[39mmatches) {
    [90m   | [39m     
            [31m^[39m
    [90m 30| [39m     
   root[33m.[39mclassL
ist[33m.[39m[34madd[
39m([32m'dark'[39m)[3
3m;[39m
    [90m 31| [39m     
 } [35melse[39m {
[90m [2m笶ｯ[22m Object
.react_stack_bottom_fram
e node_modules/react-dom
/cjs/react-dom-client.de
velopment.js:[2m25989:2
0[22m[39m
[90m [2m笶ｯ[22m runWit
hFiberInDEV node_modules
/react-dom/cjs/react-dom
-client.development.js:
[2m874:13[22m[39m
[90m [2m笶ｯ[22m commit
HookEffectListMount node
_modules/react-dom/cjs/r
eact-dom-client.developm
ent.js:[2m13249:29[22m
[39m
[90m [2m笶ｯ[22m commit
HookPassiveMountEffects 
node_modules/react-dom/c
js/react-dom-client.deve
lopment.js:[2m13336:11
[22m[39m
[90m [2m笶ｯ[22m commit
PassiveMountOnFiber node
_modules/react-dom/cjs/r
eact-dom-client.developm
ent.js:[2m15484:13[22m
[39m
[90m [2m笶ｯ[22m recurs
ivelyTraversePassiveMoun
tEffects node_modules/re
act-dom/cjs/react-dom-cl
ient.development.js:[2m
15439:11[22m[39m
[90m [2m笶ｯ[22m commit
PassiveMountOnFiber node
_modules/react-dom/cjs/r
eact-dom-client.developm
ent.js:[2m15519:11[22m
[39m
[90m [2m笶ｯ[22m flushP
assiveEffects node_modul
es/react-dom/cjs/react-d
om-client.development.js
:[2m18432:9[22m[39m
[90m [2m笶ｯ[22m node_m
odules/react-dom/cjs/rea
ct-dom-client.developmen
t.js:[2m17923:15[22m[
39m

[31m[2m竡ｯ竡ｯ竡ｯ竡ｯ竡ｯ竡ｯ竡ｯ竡
ｯ竡ｯ竡ｯ竡ｯ竡ｯ竡ｯ竡ｯ竡ｯ竡ｯ竡ｯ竡ｯ竡ｯ竡
ｯ竡ｯ竡ｯ竡ｯ[4/17]竡ｯ[22m[39
m

[41m[1m FAIL [22m[49
m src/utils/errorMessage
s.test.js[2m > [22merr
orMessages[2m > [22mSU
CCESS messages[2m > [2
2mshould return success 
message for folder creat
ion
[31m[1mAssertionError
[22m: expected '遘醍岼繝輔か繝ｫ
繝縲梧焚蟄ｦ縲阪ｒ霑ｽ蜉縺励∪縺励◆・・ t
o contain '菴懈・'[39m

Expected: [32m"菴懈・"[39
m
Received: [31m"遘醍岼繝輔か繝ｫ
繝縲梧焚蟄ｦ縲阪ｒ霑ｽ蜉縺励∪縺励◆・・[
39m

[36m [2m笶ｯ[22m src/ut
ils/errorMessages.test.j
s:[2m16:23[22m[39m
    [90m 14| [39m     
 [35mconst[39m message
 [33m=[39m [33mSUCCES
S[39m[33m.[39m[33mFO
LDER_CREATED[39m([32m'
謨ｰ蟄ｦ'[39m)[33m;[39m
    [90m 15| [39m     
 [34mexpect[39m(messag
e)[33m.[39m[34mtoCont
ain[39m([32m'謨ｰ蟄ｦ'[39
m)[33m;[39m
    [90m 16| [39m     
 [34mexpect[39m(messag
e)[33m.[39m[34mtoCont
ain[39m([32m'菴懈・'[39m
)[33m;[39m
    [90m   | [39m     
                 [31m^
[39m
    [90m 17| [39m    }
)[33m;[39m
    [90m 18| [39m  })
[33m;[39m

[31m[2m竡ｯ竡ｯ竡ｯ竡ｯ竡ｯ竡ｯ竡ｯ竡
ｯ竡ｯ竡ｯ竡ｯ竡ｯ竡ｯ竡ｯ竡ｯ竡ｯ竡ｯ竡ｯ竡ｯ竡
ｯ竡ｯ竡ｯ竡ｯ[5/17]竡ｯ[22m[39
m

[41m[1m FAIL [22m[49
m src/utils/errorMessage
s.test.js[2m > [22merr
orMessages[2m > [22mCO
NFIRM messages[2m > [2
2mshould return confirma
tion message for quiz de
letion
[31m[1mAssertionError
[22m: expected 'undefine
d' to be 'string' // Obj
ect.is equality[39m

Expected: [32m"string"
[39m
Received: [31m"undefine
d"[39m

[36m [2m笶ｯ[22m src/ut
ils/errorMessages.test.j
s:[2m23:30[22m[39m
    [90m 21| [39m    
[34mit[39m([32m'should
 return confirmation mes
sage for quiz deletion'
[39m[33m,[39m () [33m
=>[39m {
    [90m 22| [39m     
 [35mconst[39m message
 [33m=[39m [33mCONFIR
M[39m[33m.[39m[33mDE
LETE_QUIZ[39m[33m;[39
m
    [90m 23| [39m     
 [34mexpect[39m([35mt
ypeof[39m message)[33m
.[39m[34mtoBe[39m([3
2m'string'[39m)[33m;[
39m
    [90m   | [39m     
                        
[31m^[39m
    [90m 24| [39m     
 [34mexpect[39m(messag
e[33m.[39mlength)[33m
.[39m[34mtoBeGreaterTh
an[39m([34m0[39m)[33
m;[39m
    [90m 25| [39m    }
)[33m;[39m

[31m[2m竡ｯ竡ｯ竡ｯ竡ｯ竡ｯ竡ｯ竡ｯ竡
ｯ竡ｯ竡ｯ竡ｯ竡ｯ竡ｯ竡ｯ竡ｯ竡ｯ竡ｯ竡ｯ竡ｯ竡
ｯ竡ｯ竡ｯ竡ｯ[6/17]竡ｯ[22m[39
m

[41m[1m FAIL [22m[49
m src/utils/errorMessage
s.test.js[2m > [22merr
orMessages[2m > [22mER
ROR messages[2m > [22m
should return error mess
age for invalid file
[31m[1mAssertionError
[22m: expected 'undefine
d' to be 'string' // Obj
ect.is equality[39m

Expected: [32m"string"
[39m
Received: [31m"undefine
d"[39m

[36m [2m笶ｯ[22m src/ut
ils/errorMessages.test.j
s:[2m37:30[22m[39m
    [90m 35| [39m    
[34mit[39m([32m'should
 return error message fo
r invalid file'[39m[33
m,[39m () [33m=>[39m 
{
    [90m 36| [39m     
 [35mconst[39m message
 [33m=[39m [33mERROR
[39m[33m.[39m[33mINVA
LID_FILE[39m[33m;[39m
    [90m 37| [39m     
 [34mexpect[39m([35mt
ypeof[39m message)[33m
.[39m[34mtoBe[39m([3
2m'string'[39m)[33m;[
39m
    [90m   | [39m     
                        
[31m^[39m
    [90m 38| [39m     
 [34mexpect[39m(messag
e[33m.[39mlength)[33m
.[39m[34mtoBeGreaterTh
an[39m([34m0[39m)[33
m;[39m
    [90m 39| [39m    }
)[33m;[39m

[31m[2m竡ｯ竡ｯ竡ｯ竡ｯ竡ｯ竡ｯ竡ｯ竡
ｯ竡ｯ竡ｯ竡ｯ竡ｯ竡ｯ竡ｯ竡ｯ竡ｯ竡ｯ竡ｯ竡ｯ竡
ｯ竡ｯ竡ｯ竡ｯ[7/17]竡ｯ[22m[39
m

[41m[1m FAIL [22m[49
m src/utils/errorMessage
s.test.js[2m > [22merr
orMessages[2m > [22mER
ROR messages[2m > [22m
should return error mess
age for network error
[31m[1mAssertionError
[22m: expected 'undefine
d' to be 'string' // Obj
ect.is equality[39m

Expected: [32m"string"
[39m
Received: [31m"undefine
d"[39m

[36m [2m笶ｯ[22m src/ut
ils/errorMessages.test.j
s:[2m43:30[22m[39m

[2m Test Files [22m [1m[31m4 failed[39m[22m[2m | [22m[1m[32m6 passed[39m[22m[90m (10)[39m
[2m      Tests [22m [1m[31m17 failed[39m[22m[2m | [22m[1m[32m42 passed[39m[22m[90m (59)[39m
[2m   Start at [22m 03:50:18
[2m   Duration [22m 2.19s[2m (transform 816ms, setup 1.33s, import 1.65s, tests 281ms, environment 11.92s)[22m

    [90m 41| [39m    
[34mit[39m([32m'should
 return error message fo
r network error'[39m[3
3m,[39m () [33m=>[39m
 {
    [90m 42| [39m     
 [35mconst[39m message
 [33m=[39m [33mERROR
[39m[33m.[39m[33mNETW
ORK_ERROR[39m[33m;[39
m
    [90m 43| [39m     
 [34mexpect[39m([35mt
ypeof[39m message)[33m
.[39m[34mtoBe[39m([3
2m'string'[39m)[33m;[
39m
    [90m   | [39m     
                        
[31m^[39m
    [90m 44| [39m     
 [34mexpect[39m(messag
e[33m.[39mlength)[33m
.[39m[34mtoBeGreaterTh
an[39m([34m0[39m)[33
m;[39m
    [90m 45| [39m    }
)[33m;[39m

[31m[2m竡ｯ竡ｯ竡ｯ竡ｯ竡ｯ竡ｯ竡ｯ竡
ｯ竡ｯ竡ｯ竡ｯ竡ｯ竡ｯ竡ｯ竡ｯ竡ｯ竡ｯ竡ｯ竡ｯ竡
ｯ竡ｯ竡ｯ竡ｯ[8/17]竡ｯ[22m[39
m

[41m[1m FAIL [22m[49
m src/components/layout/
SettingsView.test.tsx[2
m > [22mSettingsView[2
m > [22mrenders setting
s sections
[41m[1m FAIL [22m[49
m src/components/layout/
SettingsView.test.tsx[2
m > [22mSettingsView[2
m > [22mdisplays user i
nfo when logged in
[41m[1m FAIL [22m[49
m src/components/layout/
SettingsView.test.tsx[2
m > [22mSettingsView[2
m > [22mcalls onBack wh
en back button is clicke
d
[41m[1m FAIL [22m[49
m src/components/layout/
SettingsView.test.tsx[2
m > [22mSettingsView[2
m > [22mcalls changeThe
me when theme buttons ar
e clicked
[41m[1m FAIL [22m[49
m src/components/layout/
SettingsView.test.tsx[2
m > [22mSettingsView[2
m > [22mcalls exportToF
ile when backup button i
s clicked
[31m[1mError[22m: use
Navigate() may be used o
nly in the context of a 
<Router> component.[39m
[90m [2m笶ｯ[22m invari
ant ../../%E3%83%87%E3%8
2%B9%E3%82%AF%E3%83%88%E
3%83%83%E3%83%97/Study-M
aster/node_modules/react
-router/dist/development
/chunk-EPOLDU6W.mjs:[2m
188:11[22m[39m
[90m [2m笶ｯ[22m useNav
igateUnstable ../../%E3%
83%87%E3%82%B9%E3%82%AF%
E3%83%88%E3%83%83%E3%83%
97/Study-Master/node_mod
ules/react-router/dist/d
evelopment/chunk-EPOLDU6
W.mjs:[2m5567:3[22m[3
9m
[90m [2m笶ｯ[22m useNav
igate ../../%E3%83%87%E3
%82%B9%E3%82%AF%E3%83%88
%E3%83%83%E3%83%97/Study
-Master/node_modules/rea
ct-router/dist/developme
nt/chunk-EPOLDU6W.mjs:[
2m5564:46[22m[39m
[36m [2m笶ｯ[22m Settin
gsView src/components/la
yout/SettingsView.tsx:[
2m113:20[22m[39m
    [90m111| [39m  [9
0m// onEditProfile is un
used in implementation[
39m
    [90m112| [39m}) [
33m=>[39m {
    [90m113| [39m  [3
5mconst[39m navigate [
33m=[39m [34museNaviga
te[39m()[33m;[39m
    [90m   | [39m     
              [31m^[39
m
    [90m114| [39m  [3
5mconst[39m fileInputRe
f [33m=[39m useRef[33
m<[39m[33mHTMLInputEle
ment[39m[33m>[39m([3
5mnull[39m)[33m;[39m
    [90m115| [39m  [3
5mconst[39m { showSucce
ss[33m,[39m showError
[33m,[39m showConfirm }
 [33m=[39m [34museToa
st[39m()[33m;[39m
[90m [2m笶ｯ[22m Object
.react_stack_bottom_fram
e node_modules/react-dom
/cjs/react-dom-client.de
velopment.js:[2m25904:2
0[22m[39m
[90m [2m笶ｯ[22m render
WithHooks node_modules/r
eact-dom/cjs/react-dom-c
lient.development.js:[2
m7662:22[22m[39m
[90m [2m笶ｯ[22m update
FunctionComponent node_m
odules/react-dom/cjs/rea
ct-dom-client.developmen
t.js:[2m10166:19[22m[
39m
[90m [2m笶ｯ[22m beginW
ork node_modules/react-d
om/cjs/react-dom-client.
development.js:[2m11778
:18[22m[39m
[90m [2m笶ｯ[22m runWit
hFiberInDEV node_modules
/react-dom/cjs/react-dom
-client.development.js:
[2m874:13[22m[39m
[90m [2m笶ｯ[22m perfor
mUnitOfWork node_modules
/react-dom/cjs/react-dom
-client.development.js:
[2m17641:22[22m[39m

[31m[2m竡ｯ竡ｯ竡ｯ竡ｯ竡ｯ竡ｯ竡ｯ竡
ｯ竡ｯ竡ｯ竡ｯ竡ｯ竡ｯ竡ｯ竡ｯ竡ｯ竡ｯ竡ｯ竡ｯ竡
ｯ竡ｯ竡ｯ竡ｯ[9/17]竡ｯ[22m[39
m

