src/components/common/GoalDetailModal.tsx(2,21): error TS6133: 'TrendingUp' is declared but its value is never read.
src/components/layout/ReviewView.tsx(6,37): error TS6133: 'Quiz' is declared but its value is never read.
src/components/layout/SettingsView.test.tsx(48,13): error TS2739: Type '{ theme: string; changeTheme: Mock<Procedure>; onBack: Mock<Procedure>; courses: never[]; onImportData: Mock<Procedure>; onResetStats: Mock<...>; ... 4 more ...; onEditProfile: Mock<...>; }' is missing the following properties from type 'SettingsViewProps': onDebugBroken, onDebugResetToday
src/components/layout/SettingsView.test.tsx(56,13): error TS2739: Type '{ theme: string; changeTheme: Mock<Procedure>; onBack: Mock<Procedure>; courses: never[]; onImportData: Mock<Procedure>; onResetStats: Mock<...>; ... 4 more ...; onEditProfile: Mock<...>; }' is missing the following properties from type 'SettingsViewProps': onDebugBroken, onDebugResetToday
src/components/layout/SettingsView.test.tsx(62,13): error TS2739: Type '{ theme: string; changeTheme: Mock<Procedure>; onBack: Mock<Procedure>; courses: never[]; onImportData: Mock<Procedure>; onResetStats: Mock<...>; ... 4 more ...; onEditProfile: Mock<...>; }' is missing the following properties from type 'SettingsViewProps': onDebugBroken, onDebugResetToday
src/components/layout/SettingsView.test.tsx(69,13): error TS2739: Type '{ theme: string; changeTheme: Mock<Procedure>; onBack: Mock<Procedure>; courses: never[]; onImportData: Mock<Procedure>; onResetStats: Mock<...>; ... 4 more ...; onEditProfile: Mock<...>; }' is missing the following properties from type 'SettingsViewProps': onDebugBroken, onDebugResetToday
src/components/layout/SettingsView.test.tsx(76,13): error TS2739: Type '{ theme: string; changeTheme: Mock<Procedure>; onBack: Mock<Procedure>; courses: never[]; onImportData: Mock<Procedure>; onResetStats: Mock<...>; ... 4 more ...; onEditProfile: Mock<...>; }' is missing the following properties from type 'SettingsViewProps': onDebugBroken, onDebugResetToday
src/lib/usernameRegistry.ts(1,39): error TS6133: 'setDoc' is declared but its value is never read.
src/lib/usernameRegistry.ts(1,47): error TS6133: 'deleteDoc' is declared but its value is never read.
src/lib/usernameRegistry.ts(1,58): error TS6133: 'collection' is declared but its value is never read.
src/lib/usernameRegistry.ts(1,70): error TS6133: 'query' is declared but its value is never read.
src/lib/usernameRegistry.ts(1,77): error TS6133: 'where' is declared but its value is never read.
src/lib/usernameRegistry.ts(1,84): error TS6133: 'getDocs' is declared but its value is never read.
